
shankar@Umashankars MINGW64 /c/dacument/git_practice
$ mkdir test

shankar@Umashankars MINGW64 /c/dacument/git_practice
$ cd test

shankar@Umashankars MINGW64 /c/dacument/git_practice/test
$ git init
Initialized empty Git repository in C:/dacument/git_practice/test/.git/

shankar@Umashankars MINGW64 /c/dacument/git_practice/test (master)
$ git status
On branch master

No commits yet

Untracked files:
  (use "git add <file>..." to include in what will be committed)
        demo.txt

nothing added to commit but untracked files present (use "git add" to track)

shankar@Umashankars MINGW64 /c/dacument/git_practice/test (master)
$ git add .

shankar@Umashankars MINGW64 /c/dacument/git_practice/test (master)
$ git commit -m "first commit"
[master (root-commit) fa0b799] first commit
 1 file changed, 28 insertions(+)
 create mode 100644 demo.txt

shankar@Umashankars MINGW64 /c/dacument/git_practice/test (master)
$ git config user.name
Uma Shankar Kushwaha

shankar@Umashankars MINGW64 /c/dacument/git_practice/test (master)
$ git config user.gmail

shankar@Umashankars MINGW64 /c/dacument/git_practice/test (master)
$ ssh-keygen -t ed25519 -C "uskshivrampurkarwi@gmail.com"
Generating public/private ed25519 key pair.
Enter file in which to save the key (/c/Users/DELL/.ssh/id_ed25519):
Created directory '/c/Users/DELL/.ssh'.
Enter passphrase (empty for no passphrase):
Enter same passphrase again:
Your identification has been saved in /c/Users/DELL/.ssh/id_ed25519
Your public key has been saved in /c/Users/DELL/.ssh/id_ed25519.pub
The key fingerprint is:
SHA256:jB7nZL76cuzajNQnC4gLx1alammtvCDRgXV8AN6pEmw uskshivrampurkarwi@gmail.com
The key's randomart image is:
+--[ED25519 256]--+
|  ooo.           |
|.+ o...          |
|oEo o..          |
|.o o o o         |
|o o o o S        |
| + * o O         |
|+ X o +.= .      |
|.O o ..=o=       |
|  =.  +BB        |
+----[SHA256]-----+

shankar@Umashankars MINGW64 /c/dacument/git_practice/test (master)
$ eval "$(ssh-agent -s)"
Agent pid 2024

shankar@Umashankars MINGW64 /c/dacument/git_practice/test (master)
$ ssh-add ~/.ssh/id_ed25519
Identity added: /c/Users/DELL/.ssh/id_ed25519 (uskshivrampurkarwi@gmail.com)

shankar@Umashankars MINGW64 /c/dacument/git_practice/test (master)
$ cat ~/.ssh/id_ed25519
-----BEGIN OPENSSH PRIVATE KEY-----
b3BlbnNzaC1rZXktdjEAAAAABG5vbmUAAAAEbm9uZQAAAAAAAAABAAAAMwAAAAtzc2gtZW
QyNTUxOQAAACCJjLKvApMlKI19nj95hbia8Bx1a+YUK8WgVbB9JeRRxAAAAKAnJ040JydO
NAAAAAtzc2gtZWQyNTUxOQAAACCJjLKvApMlKI19nj95hbia8Bx1a+YUK8WgVbB9JeRRxA
AAAEAR6Upc06is1wQ2bCjAta8pYqOTYTsorTFsGB4qI1B3comMsq8CkyUojX2eP3mFuJrw
HHVr5hQrxaBVsH0l5FHEAAAAHHVza3NoaXZyYW1wdXJrYXJ3aUBnbWFpbC5jb20B
-----END OPENSSH PRIVATE KEY-----

shankar@Umashankars MINGW64 /c/dacument/git_practice/test (master)
$ ^C

shankar@Umashankars MINGW64 /c/dacument/git_practice/test (master)
$ clip < ~/.ssh/id_ed25519.pub

shankar@Umashankars MINGW64 /c/dacument/git_practice/test (master)
$ ssh -T git@github.com
The authenticity of host 'github.com (20.207.73.82)' can't be established.
ED25519 key fingerprint is SHA256:+DiY3wvvV6TuJJhbpZisF/zLDA0zPMSvHdkr4UvCOqU.
This key is not known by any other names
Are you sure you want to continue connecting (yes/no/[fingerprint])? yes
Please type 'yes', 'no' or the fingerprint: yes
Warning: Permanently added 'github.com' (ED25519) to the list of known hosts.
Hi ushankar97! You've successfully authenticated, but GitHub does not provide shell access.

shankar@Umashankars MINGW64 /c/dacument/git_practice/test (master)
$ git push origin master
fatal: 'origin' does not appear to be a git repository
fatal: Could not read from remote repository.

Please make sure you have the correct access rights
and the repository exists.

shankar@Umashankars MINGW64 /c/dacument/git_practice/test (master)
$ git push -u origin master
fatal: 'origin' does not appear to be a git repository
fatal: Could not read from remote repository.

Please make sure you have the correct access rights
and the repository exists.

shankar@Umashankars MINGW64 /c/dacument/git_practice/test (master)
$ git remote

shankar@Umashankars MINGW64 /c/dacument/git_practice/test (master)
$ git remote -v

shankar@Umashankars MINGW64 /c/dacument/git_practice/test (master)
$ git remote set-url origin
usage: git remote set-url [--push] <name> <newurl> [<oldurl>]
   or: git remote set-url --add <name> <newurl>
   or: git remote set-url --delete <name> <url>

    --push                manipulate push URLs
    --add                 add URL
    --delete              delete URLs


shankar@Umashankars MINGW64 /c/dacument/git_practice/test (master)
$ git remote set-url origin
usage: git remote set-url [--push] <name> <newurl> [<oldurl>]
   or: git remote set-url --add <name> <newurl>
   or: git remote set-url --delete <name> <url>

    --push                manipulate push URLs
    --add                 add URL
    --delete              delete URLs


shankar@Umashankars MINGW64 /c/dacument/git_practice/test (master)
$ git remote set-url origin git@github.com:ushankar97/git_practice.git
error: No such remote 'origin'

shankar@Umashankars MINGW64 /c/dacument/git_practice/test (master)
$ git remote set-url origin git@github.com:ushankar97/git_practice.git^C

shankar@Umashankars MINGW64 /c/dacument/git_practice/test (master)
$ git remote add https:/git@github.com:ushankar97/git_practice.git
usage: git remote add [<options>] <name> <url>

    -f, --fetch           fetch the remote branches
    --tags                import all tags and associated objects when fetching
                          or do not fetch any tag at all (--no-tags)
    -t, --track <branch>  branch(es) to track
    -m, --master <branch>
                          master branch
    --mirror[=(push|fetch)]
                          set up remote as a mirror to push to or fetch from


shankar@Umashankars MINGW64 /c/dacument/git_practice/test (master)
$ git remote add https://github.com/ushankar97/git_practice.git
usage: git remote add [<options>] <name> <url>

    -f, --fetch           fetch the remote branches
    --tags                import all tags and associated objects when fetching
                          or do not fetch any tag at all (--no-tags)
    -t, --track <branch>  branch(es) to track
    -m, --master <branch>
                          master branch
    --mirror[=(push|fetch)]
                          set up remote as a mirror to push to or fetch from


shankar@Umashankars MINGW64 /c/dacument/git_practice/test (master)
$ git remote set-url origin git@github.com:ushankar97/git_practice.git
error: No such remote 'origin'

shankar@Umashankars MINGW64 /c/dacument/git_practice/test (master)
$ git remote

shankar@Umashankars MINGW64 /c/dacument/git_practice/test (master)
$ git remote add origin https://github.com/ushankar97/git_practice.git

shankar@Umashankars MINGW64 /c/dacument/git_practice/test (master)
$ git remote
origin

shankar@Umashankars MINGW64 /c/dacument/git_practice/test (master)
$ git remote -v
origin  https://github.com/ushankar97/git_practice.git (fetch)
origin  https://github.com/ushankar97/git_practice.git (push)

shankar@Umashankars MINGW64 /c/dacument/git_practice/test (master)
$ git push origin master
remote: Permission to ushankar97/git_practice.git denied to umashankar-97.
fatal: unable to access 'https://github.com/ushankar97/git_practice.git/': The requested URL returned error: 403

shankar@Umashankars MINGW64 /c/dacument/git_practice/test (master)
$ ^C

shankar@Umashankars MINGW64 /c/dacument/git_practice/test (master)
$ git remote add origin git@github.com:ushankar97/git_practice.git
error: remote origin already exists.

shankar@Umashankars MINGW64 /c/dacument/git_practice/test (master)
$ git push -u origin master
remote: Permission to ushankar97/git_practice.git denied to umashankar-97.
fatal: unable to access 'https://github.com/ushankar97/git_practice.git/': The requested URL returned error: 403

shankar@Umashankars MINGW64 /c/dacument/git_practice/test (master)
$ ^C

shankar@Umashankars MINGW64 /c/dacument/git_practice/test (master)
$ git push -u origin master
remote: Permission to ushankar97/git_practice.git denied to umashankar-97.
fatal: unable to access 'https://github.com/ushankar97/git_practice.git/': The requested URL returned error: 403

shankar@Umashankars MINGW64 /c/dacument/git_practice/test (master)
$ git remote set-url origin git@github.com:ushankar97/git_practice.git

shankar@Umashankars MINGW64 /c/dacument/git_practice/test (master)
$ git remote -v
origin  git@github.com:ushankar97/git_practice.git (fetch)
origin  git@github.com:ushankar97/git_practice.git (push)

shankar@Umashankars MINGW64 /c/dacument/git_practice/test (master)
$ git push -u origin master
Enumerating objects: 3, done.
Counting objects: 100% (3/3), done.
Delta compression using up to 4 threads
Compressing objects: 100% (2/2), done.
Writing objects: 100% (3/3), 652 bytes | 217.00 KiB/s, done.
Total 3 (delta 0), reused 0 (delta 0), pack-reused 0
To github.com:ushankar97/git_practice.git
 * [new branch]      master -> master
branch 'master' set up to track 'origin/master'.

shankar@Umashankars MINGW64 /c/dacument/git_practice/test (master)
$ git branch demo_branch

shankar@Umashankars MINGW64 /c/dacument/git_practice/test (master)
$ git branch demo_branch2

shankar@Umashankars MINGW64 /c/dacument/git_practice/test (master)
$ git checkout demo_branch
Switched to branch 'demo_branch'

shankar@Umashankars MINGW64 /c/dacument/git_practice/test (demo_branch)
$ git push -u origin demo_branch
Total 0 (delta 0), reused 0 (delta 0), pack-reused 0
remote:
remote: Create a pull request for 'demo_branch' on GitHub by visiting:
remote:      https://github.com/ushankar97/git_practice/pull/new/demo_branch
remote:
To github.com:ushankar97/git_practice.git
 * [new branch]      demo_branch -> demo_branch
branch 'demo_branch' set up to track 'origin/demo_branch'.

shankar@Umashankars MINGW64 /c/dacument/git_practice/test (demo_branch)
$ ls
d.py  demo.txt

shankar@Umashankars MINGW64 /c/dacument/git_practice/test (demo_branch)
$ git checkout demo_branch2
Switched to branch 'demo_branch2'

shankar@Umashankars MINGW64 /c/dacument/git_practice/test (demo_branch2)
$ git push -u origin demo_branch2
Total 0 (delta 0), reused 0 (delta 0), pack-reused 0
remote:
remote: Create a pull request for 'demo_branch2' on GitHub by visiting:
remote:      https://github.com/ushankar97/git_practice/pull/new/demo_branch2
remote:
To github.com:ushankar97/git_practice.git
 * [new branch]      demo_branch2 -> demo_branch2
lbranch 'demo_branch2' set up to track 'origin/demo_branch2'.

shankar@Umashankars MINGW64 /c/dacument/git_practice/test (demo_branch2)
$ ls
d.py  demo.txt

shankar@Umashankars MINGW64 /c/dacument/git_practice/test (demo_branch2)
$
